// Vitest Snapshot v1, https://vitest.dev/guide/snapshot.html

exports[`match > double matchers 1`] = `
<DocumentFragment>
  <div
    style="display: inline-block; position: relative; width: 0px; height: 0px;"
  >
    <div
      style="position: absolute; overflow: hidden; top: 0px; left: 0px; width: 0px; height: 0px;"
    >
      <div
        aria-hidden="true"
        style="width: 0px; transform: translate(0px, 0px); pointer-events: none; user-select: none; box-sizing: content-box; -webkit-text-size-adjust: 100%; margin: 0px; text-align: initial; text-transform: initial; text-indent: initial; letter-spacing: initial; word-spacing: initial; line-height: initial; white-space: pre-wrap; border-color: transparent;"
      >
        L
        <span
          style="color: blue; border: 1px solid blue;"
        >
          <span
            style="color: red; background: red;"
          >
            o
          </span>
        </span>
        <span
          style="color: red; background: red;"
        >
          r
        </span>
        <span
          style="color: blue; border: 1px solid blue;"
        >
          e
        </span>
        m ipsum d
        <span
          style="color: blue; border: 1px solid blue;"
        >
          <span
            style="color: red; background: red;"
          >
            o
          </span>
        </span>
        l
        <span
          style="color: blue; border: 1px solid blue;"
        >
          <span
            style="color: red; background: red;"
          >
            o
          </span>
        </span>
        <span
          style="color: red; background: red;"
        >
          r
        </span>
         sit am
        <span
          style="color: blue; border: 1px solid blue;"
        >
          e
        </span>
        t
        <span
          style="color: transparent;"
        >
          ​
        </span>
      </div>
    </div>
    <textarea
      style="background: transparent; margin: 0px; vertical-align: top; color: transparent; caret-color: rgb(0, 0, 0);"
    >
      Lorem ipsum dolor sit amet
    </textarea>
  </div>
</DocumentFragment>
`;

exports[`match > emoji 1`] = `
<DocumentFragment>
  <div
    style="display: inline-block; position: relative; width: 0px; height: 0px;"
  >
    <div
      style="position: absolute; overflow: hidden; top: 0px; left: 0px; width: 0px; height: 0px;"
    >
      <div
        aria-hidden="true"
        style="width: 0px; transform: translate(0px, 0px); pointer-events: none; user-select: none; box-sizing: content-box; -webkit-text-size-adjust: 100%; margin: 0px; text-align: initial; text-transform: initial; text-indent: initial; letter-spacing: initial; word-spacing: initial; line-height: initial; white-space: pre-wrap; border-color: transparent;"
      >
        Lorem
        <span
          style="background: yellow;"
        >
          😇
        </span>
         ipsum dolor sit amet
        <span
          style="background: yellow;"
        >
          👨
        </span>
        ‍
        <span
          style="background: yellow;"
        >
          👩
        </span>
        ‍
        <span
          style="background: yellow;"
        >
          👧
        </span>
        ‍
        <span
          style="background: yellow;"
        >
          👦
        </span>
         Lorem ipsum dolor
        <span
          style="background: yellow;"
        >
          👍
        </span>
        <span
          style="background: yellow;"
        >
          🏽
        </span>
         sit amet Lorem
        <span
          style="background: yellow;"
        >
          👩
        </span>
        ‍
        <span
          style="background: yellow;"
        >
          💻
        </span>
         ipsum dolor sit amet
        <span
          style="color: transparent;"
        >
          ​
        </span>
      </div>
    </div>
    <textarea
      style="background: transparent; margin: 0px; vertical-align: top; color: transparent; caret-color: rgb(0, 0, 0);"
    >
      Lorem😇 ipsum dolor sit amet👨‍👩‍👧‍👦 Lorem ipsum dolor👍🏽 sit amet Lorem👩‍💻 ipsum dolor sit amet
    </textarea>
  </div>
</DocumentFragment>
`;

exports[`match > japanese 1`] = `
<DocumentFragment>
  <div
    style="display: inline-block; position: relative; width: 0px; height: 0px;"
  >
    <div
      style="position: absolute; overflow: hidden; top: 0px; left: 0px; width: 0px; height: 0px;"
    >
      <div
        aria-hidden="true"
        style="width: 0px; transform: translate(0px, 0px); pointer-events: none; user-select: none; box-sizing: content-box; -webkit-text-size-adjust: 100%; margin: 0px; text-align: initial; text-transform: initial; text-indent: initial; letter-spacing: initial; word-spacing: initial; line-height: initial; white-space: pre-wrap; border-color: transparent;"
      >
        <span
          style="background: yellow;"
        >
          あ
        </span>
        <span
          style="background: yellow;"
        >
          の
        </span>
        イーハトーヴォ
        <span
          style="background: yellow;"
        >
          の
        </span>
        <span
          style="background: yellow;"
        >
          す
        </span>
        <span
          style="background: yellow;"
        >
          き
        </span>
        <span
          style="background: yellow;"
        >
          と
        </span>
        <span
          style="background: yellow;"
        >
          お
        </span>
        <span
          style="background: yellow;"
        >
          っ
        </span>
        <span
          style="background: yellow;"
        >
          た
        </span>
        風、夏
        <span
          style="background: yellow;"
        >
          で
        </span>
        <span
          style="background: yellow;"
        >
          も
        </span>
        底
        <span
          style="background: yellow;"
        >
          に
        </span>
        冷
        <span
          style="background: yellow;"
        >
          た
        </span>
        <span
          style="background: yellow;"
        >
          さ
        </span>
        <span
          style="background: yellow;"
        >
          を
        </span>
        <span
          style="background: yellow;"
        >
          も
        </span>
        <span
          style="background: yellow;"
        >
          つ
        </span>
        青
        <span
          style="background: yellow;"
        >
          い
        </span>
        <span
          style="background: yellow;"
        >
          そ
        </span>
        <span
          style="background: yellow;"
        >
          ら
        </span>
        、
        <span
          style="background: yellow;"
        >
          う
        </span>
        <span
          style="background: yellow;"
        >
          つ
        </span>
        <span
          style="background: yellow;"
        >
          く
        </span>
        <span
          style="background: yellow;"
        >
          し
        </span>
        <span
          style="background: yellow;"
        >
          い
        </span>
        森
        <span
          style="background: yellow;"
        >
          で
        </span>
        飾
        <span
          style="background: yellow;"
        >
          ら
        </span>
        <span
          style="background: yellow;"
        >
          れ
        </span>
        <span
          style="background: yellow;"
        >
          た
        </span>
        モリーオ市、郊外
        <span
          style="background: yellow;"
        >
          の
        </span>
        <span
          style="background: yellow;"
        >
          ぎ
        </span>
        <span
          style="background: yellow;"
        >
          ら
        </span>
        <span
          style="background: yellow;"
        >
          ぎ
        </span>
        <span
          style="background: yellow;"
        >
          ら
        </span>
        <span
          style="background: yellow;"
        >
          ひ
        </span>
        <span
          style="background: yellow;"
        >
          か
        </span>
        <span
          style="background: yellow;"
        >
          る
        </span>
        草
        <span
          style="background: yellow;"
        >
          の
        </span>
        波。
        <span
          style="color: transparent;"
        >
          ​
        </span>
      </div>
    </div>
    <textarea
      style="background: transparent; margin: 0px; vertical-align: top; color: transparent; caret-color: rgb(0, 0, 0);"
    >
      あのイーハトーヴォのすきとおった風、夏でも底に冷たさをもつ青いそら、うつくしい森で飾られたモリーオ市、郊外のぎらぎらひかる草の波。
    </textarea>
  </div>
</DocumentFragment>
`;

exports[`match > match many 1`] = `
<DocumentFragment>
  <div
    style="display: inline-block; position: relative; width: 0px; height: 0px;"
  >
    <div
      style="position: absolute; overflow: hidden; top: 0px; left: 0px; width: 0px; height: 0px;"
    >
      <div
        aria-hidden="true"
        style="width: 0px; transform: translate(0px, 0px); pointer-events: none; user-select: none; box-sizing: content-box; -webkit-text-size-adjust: 100%; margin: 0px; text-align: initial; text-transform: initial; text-indent: initial; letter-spacing: initial; word-spacing: initial; line-height: initial; white-space: pre-wrap; border-color: transparent;"
      >
        L
        <span
          style="color: red;"
        >
          o
        </span>
        <span
          style="color: red;"
        >
          r
        </span>
        em ipsum d
        <span
          style="color: red;"
        >
          o
        </span>
        l
        <span
          style="color: red;"
        >
          o
        </span>
        <span
          style="color: red;"
        >
          r
        </span>
         sit amet
        <span
          style="color: transparent;"
        >
          ​
        </span>
      </div>
    </div>
    <textarea
      style="background: transparent; margin: 0px; vertical-align: top; color: transparent; caret-color: rgb(0, 0, 0);"
    >
      Lorem ipsum dolor sit amet
    </textarea>
  </div>
</DocumentFragment>
`;

exports[`match > match one 1`] = `
<DocumentFragment>
  <div
    style="display: inline-block; position: relative; width: 0px; height: 0px;"
  >
    <div
      style="position: absolute; overflow: hidden; top: 0px; left: 0px; width: 0px; height: 0px;"
    >
      <div
        aria-hidden="true"
        style="width: 0px; transform: translate(0px, 0px); pointer-events: none; user-select: none; box-sizing: content-box; -webkit-text-size-adjust: 100%; margin: 0px; text-align: initial; text-transform: initial; text-indent: initial; letter-spacing: initial; word-spacing: initial; line-height: initial; white-space: pre-wrap; border-color: transparent;"
      >
        Lorem 
        <span
          style="color: red;"
        >
          ipsum
        </span>
         dolor sit amet
        <span
          style="color: transparent;"
        >
          ​
        </span>
      </div>
    </div>
    <textarea
      style="background: transparent; margin: 0px; vertical-align: top; color: transparent; caret-color: rgb(0, 0, 0);"
    >
      Lorem ipsum dolor sit amet
    </textarea>
  </div>
</DocumentFragment>
`;

exports[`match > triple matchers 1`] = `
<DocumentFragment>
  <div
    style="display: inline-block; position: relative; width: 0px; height: 0px;"
  >
    <div
      style="position: absolute; overflow: hidden; top: 0px; left: 0px; width: 0px; height: 0px;"
    >
      <div
        aria-hidden="true"
        style="width: 0px; transform: translate(0px, 0px); pointer-events: none; user-select: none; box-sizing: content-box; -webkit-text-size-adjust: 100%; margin: 0px; text-align: initial; text-transform: initial; text-indent: initial; letter-spacing: initial; word-spacing: initial; line-height: initial; white-space: pre-wrap; border-color: transparent;"
      >
        <span
          style="background-color: lightgray;"
        >
          Lor
        </span>
        <span
          style="color: red; font-weight: bold;"
        >
          <span
            style="background-color: lightgray;"
          >
            e
          </span>
        </span>
        <span
          style="background-color: lightgray;"
        >
          m
        </span>
         
        <span
          style="color: blue; text-decoration: underline wavy;"
        >
          <span
            style="color: red; font-weight: bold;"
          >
            i
          </span>
        </span>
        <span
          style="color: blue; text-decoration: underline wavy;"
        >
          <span
            style="color: red; font-weight: bold;"
          >
            p
          </span>
        </span>
        <span
          style="color: blue; text-decoration: underline wavy;"
        >
          sum
        </span>
         
        <span
          style="color: red; font-weight: bold;"
        >
          d
        </span>
        olor s
        <span
          style="color: red; font-weight: bold;"
        >
          i
        </span>
        t 
        <span
          style="color: red; font-weight: bold;"
        >
          a
        </span>
        m
        <span
          style="color: red; font-weight: bold;"
        >
          e
        </span>
        t
        <span
          style="color: transparent;"
        >
          ​
        </span>
      </div>
    </div>
    <textarea
      style="background: transparent; margin: 0px; vertical-align: top; color: transparent; caret-color: rgb(0, 0, 0);"
    >
      Lorem ipsum dolor sit amet
    </textarea>
  </div>
</DocumentFragment>
`;

exports[`smoke > controlled 1`] = `
<DocumentFragment>
  <div
    style="display: inline-block; position: relative; width: 0px; height: 0px;"
  >
    <div
      style="position: absolute; overflow: hidden; top: 0px; left: 0px; width: 0px; height: 0px;"
    >
      <div
        aria-hidden="true"
        style="width: 0px; transform: translate(0px, 0px); pointer-events: none; user-select: none; box-sizing: content-box; -webkit-text-size-adjust: 100%; margin: 0px; text-align: initial; text-transform: initial; text-indent: initial; letter-spacing: initial; word-spacing: initial; line-height: initial; white-space: pre-wrap; border-color: transparent;"
      >
        <span
          style="color: red;"
        >
          L
        </span>
        <span>
          o
        </span>
        <span
          style="color: red;"
        >
          r
        </span>
        <span>
          e
        </span>
        <span
          style="color: red;"
        >
          m
        </span>
        <span>
           
        </span>
        <span
          style="color: red;"
        >
          i
        </span>
        <span>
          p
        </span>
        <span
          style="color: red;"
        >
          s
        </span>
        <span>
          u
        </span>
        <span
          style="color: red;"
        >
          m
        </span>
        <span>
           
        </span>
        <span
          style="color: red;"
        >
          d
        </span>
        <span>
          o
        </span>
        <span
          style="color: red;"
        >
          l
        </span>
        <span>
          o
        </span>
        <span
          style="color: red;"
        >
          r
        </span>
        <span>
           
        </span>
        <span
          style="color: red;"
        >
          s
        </span>
        <span>
          i
        </span>
        <span
          style="color: red;"
        >
          t
        </span>
        <span>
           
        </span>
        <span
          style="color: red;"
        >
          a
        </span>
        <span>
          m
        </span>
        <span
          style="color: red;"
        >
          e
        </span>
        <span>
          t
        </span>
        <span
          style="color: transparent;"
        >
          ​
        </span>
      </div>
    </div>
    <textarea
      style="background: transparent; margin: 0px; vertical-align: top; color: transparent; caret-color: rgb(0, 0, 0);"
    >
      Lorem ipsum dolor sit amet
    </textarea>
  </div>
</DocumentFragment>
`;

exports[`smoke > uncontrolled 1`] = `
<DocumentFragment>
  <div
    style="display: inline-block; position: relative; width: 0px; height: 0px;"
  >
    <div
      style="position: absolute; overflow: hidden; top: 0px; left: 0px; width: 0px; height: 0px;"
    >
      <div
        aria-hidden="true"
        style="width: 0px; transform: translate(0px, 0px); pointer-events: none; user-select: none; box-sizing: content-box; -webkit-text-size-adjust: 100%; margin: 0px; text-align: initial; text-transform: initial; text-indent: initial; letter-spacing: initial; word-spacing: initial; line-height: initial; white-space: pre-wrap; border-color: transparent;"
      >
        <span
          style="color: red;"
        >
          L
        </span>
        <span>
          o
        </span>
        <span
          style="color: red;"
        >
          r
        </span>
        <span>
          e
        </span>
        <span
          style="color: red;"
        >
          m
        </span>
        <span>
           
        </span>
        <span
          style="color: red;"
        >
          i
        </span>
        <span>
          p
        </span>
        <span
          style="color: red;"
        >
          s
        </span>
        <span>
          u
        </span>
        <span
          style="color: red;"
        >
          m
        </span>
        <span>
           
        </span>
        <span
          style="color: red;"
        >
          d
        </span>
        <span>
          o
        </span>
        <span
          style="color: red;"
        >
          l
        </span>
        <span>
          o
        </span>
        <span
          style="color: red;"
        >
          r
        </span>
        <span>
           
        </span>
        <span
          style="color: red;"
        >
          s
        </span>
        <span>
          i
        </span>
        <span
          style="color: red;"
        >
          t
        </span>
        <span>
           
        </span>
        <span
          style="color: red;"
        >
          a
        </span>
        <span>
          m
        </span>
        <span
          style="color: red;"
        >
          e
        </span>
        <span>
          t
        </span>
        <span
          style="color: transparent;"
        >
          ​
        </span>
      </div>
    </div>
    <textarea
      style="background: transparent; margin: 0px; vertical-align: top; color: transparent; caret-color: rgb(0, 0, 0);"
    >
      Lorem ipsum dolor sit amet
    </textarea>
  </div>
</DocumentFragment>
`;

exports[`style textarea > background 1`] = `
<DocumentFragment>
  <div
    style="display: inline-block; position: relative; width: 0px; height: 0px;"
  >
    <div
      style="position: absolute; overflow: hidden; top: 0px; left: 0px; width: 0px; height: 0px; background: blue;"
    >
      <div
        aria-hidden="true"
        style="width: 0px; transform: translate(0px, 0px); pointer-events: none; user-select: none; box-sizing: content-box; -webkit-text-size-adjust: 100%; margin: 0px; text-align: initial; text-transform: initial; text-indent: initial; letter-spacing: initial; word-spacing: initial; line-height: initial; white-space: pre-wrap; border-color: transparent;"
      >
        L
        <span
          style="color: red;"
        >
          ore
        </span>
        m ipsum dolor sit amet
        <span
          style="color: transparent;"
        >
          ​
        </span>
      </div>
    </div>
    <textarea
      style="background: transparent; margin: 0px; vertical-align: top; color: transparent; caret-color: rgb(0, 0, 0);"
    >
      Lorem ipsum dolor sit amet
    </textarea>
  </div>
</DocumentFragment>
`;

exports[`style textarea > background-color 1`] = `
<DocumentFragment>
  <div
    style="display: inline-block; position: relative; width: 0px; height: 0px;"
  >
    <div
      style="position: absolute; overflow: hidden; top: 0px; left: 0px; width: 0px; height: 0px; background-color: blue;"
    >
      <div
        aria-hidden="true"
        style="width: 0px; transform: translate(0px, 0px); pointer-events: none; user-select: none; box-sizing: content-box; -webkit-text-size-adjust: 100%; margin: 0px; text-align: initial; text-transform: initial; text-indent: initial; letter-spacing: initial; word-spacing: initial; line-height: initial; white-space: pre-wrap; border-color: transparent;"
      >
        L
        <span
          style="color: red;"
        >
          ore
        </span>
        m ipsum dolor sit amet
        <span
          style="color: transparent;"
        >
          ​
        </span>
      </div>
    </div>
    <textarea
      style="background: transparent; margin: 0px; vertical-align: top; color: transparent; caret-color: rgb(0, 0, 0);"
    >
      Lorem ipsum dolor sit amet
    </textarea>
  </div>
</DocumentFragment>
`;

exports[`style textarea > border 1`] = `
<DocumentFragment>
  <div
    style="display: inline-block; position: relative; width: 0px; height: 0px;"
  >
    <div
      style="position: absolute; overflow: hidden; top: 0px; left: 0px; width: 0px; height: 0px;"
    >
      <div
        aria-hidden="true"
        style="width: 0px; transform: translate(0px, 0px); pointer-events: none; user-select: none; box-sizing: content-box; -webkit-text-size-adjust: 100%; margin: 0px; border-width: 1px; border-style: solid; text-align: initial; text-transform: initial; text-indent: initial; letter-spacing: initial; word-spacing: initial; line-height: initial; white-space: pre-wrap; border-color: transparent;"
      >
        L
        <span
          style="color: red;"
        >
          ore
        </span>
        m ipsum dolor sit amet
        <span
          style="color: transparent;"
        >
          ​
        </span>
      </div>
    </div>
    <textarea
      style="border: 1px solid blue; background: transparent; margin: 0px; vertical-align: top; color: transparent; caret-color: rgb(0, 0, 0);"
    >
      Lorem ipsum dolor sit amet
    </textarea>
  </div>
</DocumentFragment>
`;

exports[`style textarea > border-color 1`] = `
<DocumentFragment>
  <div
    style="display: inline-block; position: relative; width: 0px; height: 0px;"
  >
    <div
      style="position: absolute; overflow: hidden; top: 0px; left: 0px; width: 0px; height: 0px;"
    >
      <div
        aria-hidden="true"
        style="width: 0px; transform: translate(0px, 0px); pointer-events: none; user-select: none; box-sizing: content-box; -webkit-text-size-adjust: 100%; margin: 0px; text-align: initial; text-transform: initial; text-indent: initial; letter-spacing: initial; word-spacing: initial; line-height: initial; white-space: pre-wrap; border-color: transparent;"
      >
        L
        <span
          style="color: red;"
        >
          ore
        </span>
        m ipsum dolor sit amet
        <span
          style="color: transparent;"
        >
          ​
        </span>
      </div>
    </div>
    <textarea
      style="border-color: blue; background: transparent; margin: 0px; vertical-align: top; color: transparent; caret-color: rgb(0, 0, 0);"
    >
      Lorem ipsum dolor sit amet
    </textarea>
  </div>
</DocumentFragment>
`;

exports[`style textarea > caret-color 1`] = `
<DocumentFragment>
  <div
    style="display: inline-block; position: relative; width: 0px; height: 0px;"
  >
    <div
      style="position: absolute; overflow: hidden; top: 0px; left: 0px; width: 0px; height: 0px;"
    >
      <div
        aria-hidden="true"
        style="width: 0px; transform: translate(0px, 0px); pointer-events: none; user-select: none; box-sizing: content-box; -webkit-text-size-adjust: 100%; margin: 0px; text-align: initial; text-transform: initial; text-indent: initial; letter-spacing: initial; word-spacing: initial; line-height: initial; white-space: pre-wrap; border-color: transparent;"
      >
        L
        <span
          style="color: red;"
        >
          ore
        </span>
        m ipsum dolor sit amet
        <span
          style="color: transparent;"
        >
          ​
        </span>
      </div>
    </div>
    <textarea
      style="caret-color: blue; background: transparent; margin: 0px; vertical-align: top; color: transparent;"
    >
      Lorem ipsum dolor sit amet
    </textarea>
  </div>
</DocumentFragment>
`;

exports[`style textarea > color 1`] = `
<DocumentFragment>
  <div
    style="display: inline-block; position: relative; width: 0px; height: 0px;"
  >
    <div
      style="position: absolute; overflow: hidden; top: 0px; left: 0px; width: 0px; height: 0px;"
    >
      <div
        aria-hidden="true"
        style="width: 0px; transform: translate(0px, 0px); pointer-events: none; user-select: none; box-sizing: content-box; -webkit-text-size-adjust: 100%; margin: 0px; text-align: initial; text-transform: initial; text-indent: initial; letter-spacing: initial; word-spacing: initial; line-height: initial; white-space: pre-wrap; border-color: transparent;"
      >
        L
        <span
          style="color: red;"
        >
          ore
        </span>
        m ipsum dolor sit amet
        <span
          style="color: transparent;"
        >
          ​
        </span>
      </div>
    </div>
    <textarea
      style="color: transparent; background: transparent; margin: 0px; vertical-align: top; caret-color: rgb(0, 0, 255);"
    >
      Lorem ipsum dolor sit amet
    </textarea>
  </div>
</DocumentFragment>
`;

exports[`style textarea > width & height 1`] = `
<DocumentFragment>
  <div
    style="display: inline-block; position: relative; width: 0px; height: 0px;"
  >
    <div
      style="position: absolute; overflow: hidden; top: 0px; left: 0px; width: 0px; height: 0px;"
    >
      <div
        aria-hidden="true"
        style="width: 0px; transform: translate(0px, 0px); pointer-events: none; user-select: none; box-sizing: content-box; -webkit-text-size-adjust: 100%; margin: 0px; text-align: initial; text-transform: initial; text-indent: initial; letter-spacing: initial; word-spacing: initial; line-height: initial; white-space: pre-wrap; border-color: transparent;"
      >
        L
        <span
          style="color: red;"
        >
          ore
        </span>
        m ipsum dolor sit amet
        <span
          style="color: transparent;"
        >
          ​
        </span>
      </div>
    </div>
    <textarea
      style="width: 123px; height: 456px; background: transparent; margin: 0px; vertical-align: top; color: transparent; caret-color: rgb(0, 0, 0);"
    >
      Lorem ipsum dolor sit amet
    </textarea>
  </div>
</DocumentFragment>
`;

exports[`style value > background 1`] = `
<DocumentFragment>
  <div
    style="display: inline-block; position: relative; width: 0px; height: 0px;"
  >
    <div
      style="position: absolute; overflow: hidden; top: 0px; left: 0px; width: 0px; height: 0px;"
    >
      <div
        aria-hidden="true"
        style="width: 0px; transform: translate(0px, 0px); pointer-events: none; user-select: none; box-sizing: content-box; -webkit-text-size-adjust: 100%; margin: 0px; text-align: initial; text-transform: initial; text-indent: initial; letter-spacing: initial; word-spacing: initial; line-height: initial; white-space: pre-wrap; border-color: transparent;"
      >
        L
        <span
          style="background: red;"
        >
          ore
        </span>
        m ipsum dolor sit amet
        <span
          style="color: transparent;"
        >
          ​
        </span>
      </div>
    </div>
    <textarea
      style="background: transparent; margin: 0px; vertical-align: top; color: transparent; caret-color: rgb(0, 0, 0);"
    >
      Lorem ipsum dolor sit amet
    </textarea>
  </div>
</DocumentFragment>
`;

exports[`style value > border 1`] = `
<DocumentFragment>
  <div
    style="display: inline-block; position: relative; width: 0px; height: 0px;"
  >
    <div
      style="position: absolute; overflow: hidden; top: 0px; left: 0px; width: 0px; height: 0px;"
    >
      <div
        aria-hidden="true"
        style="width: 0px; transform: translate(0px, 0px); pointer-events: none; user-select: none; box-sizing: content-box; -webkit-text-size-adjust: 100%; margin: 0px; text-align: initial; text-transform: initial; text-indent: initial; letter-spacing: initial; word-spacing: initial; line-height: initial; white-space: pre-wrap; border-color: transparent;"
      >
        L
        <span
          style="border: 1px solid red;"
        >
          ore
        </span>
        m ipsum dolor sit amet
        <span
          style="color: transparent;"
        >
          ​
        </span>
      </div>
    </div>
    <textarea
      style="background: transparent; margin: 0px; vertical-align: top; color: transparent; caret-color: rgb(0, 0, 0);"
    >
      Lorem ipsum dolor sit amet
    </textarea>
  </div>
</DocumentFragment>
`;

exports[`style value > color 1`] = `
<DocumentFragment>
  <div
    style="display: inline-block; position: relative; width: 0px; height: 0px;"
  >
    <div
      style="position: absolute; overflow: hidden; top: 0px; left: 0px; width: 0px; height: 0px;"
    >
      <div
        aria-hidden="true"
        style="width: 0px; transform: translate(0px, 0px); pointer-events: none; user-select: none; box-sizing: content-box; -webkit-text-size-adjust: 100%; margin: 0px; text-align: initial; text-transform: initial; text-indent: initial; letter-spacing: initial; word-spacing: initial; line-height: initial; white-space: pre-wrap; border-color: transparent;"
      >
        L
        <span
          style="color: red;"
        >
          ore
        </span>
        m ipsum dolor sit amet
        <span
          style="color: transparent;"
        >
          ​
        </span>
      </div>
    </div>
    <textarea
      style="background: transparent; margin: 0px; vertical-align: top; color: transparent; caret-color: rgb(0, 0, 0);"
    >
      Lorem ipsum dolor sit amet
    </textarea>
  </div>
</DocumentFragment>
`;

exports[`style value > decoration 1`] = `
<DocumentFragment>
  <div
    style="display: inline-block; position: relative; width: 0px; height: 0px;"
  >
    <div
      style="position: absolute; overflow: hidden; top: 0px; left: 0px; width: 0px; height: 0px;"
    >
      <div
        aria-hidden="true"
        style="width: 0px; transform: translate(0px, 0px); pointer-events: none; user-select: none; box-sizing: content-box; -webkit-text-size-adjust: 100%; margin: 0px; text-align: initial; text-transform: initial; text-indent: initial; letter-spacing: initial; word-spacing: initial; line-height: initial; white-space: pre-wrap; border-color: transparent;"
      >
        L
        <span>
          ore
        </span>
        m ipsum dolor sit amet
        <span
          style="color: transparent;"
        >
          ​
        </span>
      </div>
    </div>
    <textarea
      style="background: transparent; margin: 0px; vertical-align: top; color: transparent; caret-color: rgb(0, 0, 0);"
    >
      Lorem ipsum dolor sit amet
    </textarea>
  </div>
</DocumentFragment>
`;
